2026-08-29T23:21:21Z sondeo programado 2026-08-30T05:00:00Z -> 2026-08-30T07:00:00Z | estaciones=['71370', '71410']
2026-08-29T23:21:21Z esperando 5.64 h hasta el inicio
2026-08-30T05:00:00Z saint-lazare ok | salidas=154 anden_real=0 | cuota_restante=999
2026-08-30T05:00:00Z gare-du-nord ok | salidas=161 anden_real=3 | cuota_restante=998
2026-08-30T05:01:00Z saint-lazare ok | salidas=155 anden_real=3 | cuota_restante=997
2026-08-30T05:02:01Z saint-lazare ok | salidas=155 anden_real=3 | cuota_restante=996
2026-08-30T05:02:01Z gare-du-nord ok | salidas=162 anden_real=4 | cuota_restante=995
2026-08-30T05:03:01Z saint-lazare ok | salidas=155 anden_real=3 | cuota_restante=994
2026-08-30T05:04:01Z saint-lazare ok | salidas=156 anden_real=3 | cuota_restante=993
2026-08-30T05:04:02Z gare-du-nord ok | salidas=162 anden_real=4 | cuota_restante=992
2026-08-30T05:05:02Z saint-lazare ok | salidas=155 anden_real=3 | cuota_restante=991
2026-08-30T05:06:02Z saint-lazare ok | salidas=156 anden_real=2 | cuota_restante=990
2026-08-30T05:06:03Z gare-du-nord ok | salidas=163 anden_real=3 | cuota_restante=989
2026-08-30T05:07:04Z saint-lazare ok | salidas=154 anden_real=2 | cuota_restante=988
2026-08-30T05:08:04Z saint-lazare ok | salidas=154 anden_real=2 | cuota_restante=987
2026-08-30T05:08:04Z gare-du-nord ok | salidas=164 anden_real=3 | cuota_restante=986
2026-08-30T05:09:04Z saint-lazare ok | salidas=154 anden_real=1 | cuota_restante=985
2026-08-30T05:10:04Z saint-lazare ok | salidas=155 anden_real=1 | cuota_restante=984
2026-08-30T05:10:05Z gare-du-nord ok | salidas=163 anden_real=3 | cuota_restante=983
2026-08-30T05:11:05Z saint-lazare ok | salidas=155 anden_real=2 | cuota_restante=982
2026-08-30T05:12:05Z saint-lazare ok | salidas=157 anden_real=4 | cuota_restante=981
2026-08-30T05:12:06Z gare-du-nord ok | salidas=165 anden_real=2 | cuota_restante=980
2026-08-30T05:13:07Z saint-lazare ok | salidas=154 anden_real=3 | cuota_restante=979
2026-08-30T05:14:07Z saint-lazare ok | salidas=155 anden_real=3 | cuota_restante=978
2026-08-30T05:14:07Z gare-du-nord ok | salidas=165 anden_real=2 | cuota_restante=977
2026-08-30T05:15:07Z saint-lazare ok | salidas=155 anden_real=3 | cuota_restante=976
2026-08-30T05:16:08Z saint-lazare ok | salidas=156 anden_real=3 | cuota_restante=975
2026-08-30T05:16:08Z gare-du-nord ok | salidas=165 anden_real=3 | cuota_restante=974
2026-08-30T05:17:08Z saint-lazare ok | salidas=158 anden_real=3 | cuota_restante=973
2026-08-30T05:18:08Z saint-lazare ok | salidas=161 anden_real=2 | cuota_restante=972
2026-08-30T05:18:09Z gare-du-nord ok | salidas=166 anden_real=5 | cuota_restante=971
2026-08-30T05:19:09Z saint-lazare ok | salidas=163 anden_real=1 | cuota_restante=970
2026-08-30T05:20:09Z saint-lazare ok | salidas=164 anden_real=1 | cuota_restante=969
2026-08-30T05:20:10Z gare-du-nord ok | salidas=167 anden_real=4 | cuota_restante=968
2026-08-30T05:21:10Z saint-lazare ok | salidas=165 anden_real=0 | cuota_restante=967
2026-08-30T05:22:10Z saint-lazare ok | salidas=165 anden_real=1 | cuota_restante=966
2026-08-30T05:22:10Z gare-du-nord ok | salidas=167 anden_real=5 | cuota_restante=965
2026-08-30T05:23:10Z saint-lazare ok | salidas=164 anden_real=1 | cuota_restante=964
2026-08-30T05:24:11Z saint-lazare ok | salidas=166 anden_real=1 | cuota_restante=963
2026-08-30T05:24:11Z gare-du-nord ok | salidas=169 anden_real=6 | cuota_restante=962
2026-08-30T05:25:11Z saint-lazare ok | salidas=166 anden_real=1 | cuota_restante=961
2026-08-30T05:26:12Z saint-lazare ok | salidas=164 anden_real=2 | cuota_restante=960
2026-08-30T05:26:12Z gare-du-nord ok | salidas=168 anden_real=6 | cuota_restante=959
2026-08-30T05:27:12Z saint-lazare ok | salidas=163 anden_real=2 | cuota_restante=958
2026-08-30T05:28:13Z saint-lazare ok | salidas=166 anden_real=2 | cuota_restante=957
2026-08-30T05:28:14Z gare-du-nord ok | salidas=169 anden_real=5 | cuota_restante=956
2026-08-30T05:29:14Z saint-lazare ok | salidas=164 anden_real=2 | cuota_restante=955
2026-08-30T05:30:14Z saint-lazare ok | salidas=165 anden_real=3 | cuota_restante=954
2026-08-30T05:30:15Z gare-du-nord ok | salidas=170 anden_real=5 | cuota_restante=953
2026-08-30T05:31:15Z saint-lazare ok | salidas=166 anden_real=3 | cuota_restante=952
2026-08-30T05:32:16Z saint-lazare ok | salidas=167 anden_real=4 | cuota_restante=951
2026-08-30T05:32:16Z gare-du-nord ok | salidas=173 anden_real=7 | cuota_restante=950
2026-08-30T05:33:16Z saint-lazare ok | salidas=170 anden_real=5 | cuota_restante=949
2026-08-30T05:34:16Z saint-lazare ok | salidas=171 anden_real=4 | cuota_restante=948
2026-08-30T05:34:16Z gare-du-nord ok | salidas=172 anden_real=5 | cuota_restante=947
2026-08-30T05:35:17Z saint-lazare ok | salidas=174 anden_real=4 | cuota_restante=946
2026-08-30T05:36:17Z saint-lazare ok | salidas=174 anden_real=3 | cuota_restante=945
2026-08-30T05:36:18Z gare-du-nord ok | salidas=174 anden_real=4 | cuota_restante=944
2026-08-30T05:37:18Z saint-lazare ok | salidas=172 anden_real=4 | cuota_restante=943
2026-08-30T05:38:18Z saint-lazare ok | salidas=173 anden_real=3 | cuota_restante=942
2026-08-30T05:38:19Z gare-du-nord ok | salidas=175 anden_real=4 | cuota_restante=941
2026-08-30T05:39:19Z saint-lazare ok | salidas=173 anden_real=2 | cuota_restante=940
2026-08-30T05:40:19Z saint-lazare ok | salidas=172 anden_real=2 | cuota_restante=939
2026-08-30T05:40:19Z gare-du-nord ok | salidas=175 anden_real=4 | cuota_restante=938
2026-08-30T05:41:19Z saint-lazare ok | salidas=171 anden_real=2 | cuota_restante=937
2026-08-30T05:42:20Z saint-lazare ok | salidas=172 anden_real=3 | cuota_restante=936
2026-08-30T05:42:20Z gare-du-nord ok | salidas=175 anden_real=3 | cuota_restante=935
2026-08-30T05:43:20Z saint-lazare ok | salidas=172 anden_real=2 | cuota_restante=934
2026-08-30T05:44:20Z saint-lazare ok | salidas=174 anden_real=2 | cuota_restante=933
2026-08-30T05:44:20Z gare-du-nord ok | salidas=174 anden_real=3 | cuota_restante=932
2026-08-30T05:45:21Z saint-lazare ok | salidas=174 anden_real=2 | cuota_restante=931
2026-08-30T05:46:21Z saint-lazare ok | salidas=174 anden_real=3 | cuota_restante=930
2026-08-30T05:46:21Z gare-du-nord ok | salidas=175 anden_real=5 | cuota_restante=929
2026-08-30T05:47:21Z saint-lazare ok | salidas=177 anden_real=4 | cuota_restante=928
2026-08-30T05:48:21Z saint-lazare ok | salidas=180 anden_real=3 | cuota_restante=927
2026-08-30T05:48:22Z gare-du-nord ok | salidas=176 anden_real=7 | cuota_restante=926
2026-08-30T05:49:22Z saint-lazare ok | salidas=179 anden_real=2 | cuota_restante=925
2026-08-30T05:50:22Z saint-lazare ok | salidas=181 anden_real=2 | cuota_restante=924
2026-08-30T05:50:22Z gare-du-nord ok | salidas=178 anden_real=6 | cuota_restante=923
2026-08-30T05:51:22Z saint-lazare ok | salidas=180 anden_real=1 | cuota_restante=922
2026-08-30T05:52:22Z saint-lazare ok | salidas=179 anden_real=2 | cuota_restante=921
2026-08-30T05:52:22Z gare-du-nord ok | salidas=177 anden_real=6 | cuota_restante=920
2026-08-30T05:53:23Z saint-lazare ok | salidas=180 anden_real=2 | cuota_restante=919
2026-08-30T05:54:23Z saint-lazare ok | salidas=181 anden_real=2 | cuota_restante=918
2026-08-30T05:54:24Z gare-du-nord ok | salidas=181 anden_real=7 | cuota_restante=917
2026-08-30T05:55:24Z saint-lazare ok | salidas=181 anden_real=2 | cuota_restante=916
2026-08-30T05:56:24Z saint-lazare ok | salidas=183 anden_real=3 | cuota_restante=915
2026-08-30T05:56:24Z gare-du-nord ok | salidas=180 anden_real=7 | cuota_restante=914
2026-08-30T05:57:24Z saint-lazare ok | salidas=185 anden_real=3 | cuota_restante=913
2026-08-30T05:58:24Z saint-lazare ok | salidas=187 anden_real=4 | cuota_restante=912
2026-08-30T05:58:25Z gare-du-nord ok | salidas=177 anden_real=5 | cuota_restante=911
2026-08-30T05:59:25Z saint-lazare ok | salidas=187 anden_real=4 | cuota_restante=910
2026-08-30T06:00:25Z saint-lazare ok | salidas=188 anden_real=4 | cuota_restante=909
2026-08-30T06:00:26Z gare-du-nord ok | salidas=177 anden_real=6 | cuota_restante=908
2026-08-30T06:01:26Z saint-lazare ok | salidas=190 anden_real=4 | cuota_restante=907
2026-08-30T06:02:26Z saint-lazare ok | salidas=189 anden_real=4 | cuota_restante=906
2026-08-30T06:02:27Z gare-du-nord ok | salidas=178 anden_real=7 | cuota_restante=905
2026-08-30T06:03:27Z saint-lazare ok | salidas=191 anden_real=4 | cuota_restante=904
2026-08-30T06:04:27Z saint-lazare ok | salidas=191 anden_real=4 | cuota_restante=903
2026-08-30T06:04:27Z gare-du-nord ok | salidas=179 anden_real=6 | cuota_restante=902
2026-08-30T06:05:27Z saint-lazare ok | salidas=190 anden_real=4 | cuota_restante=901
2026-08-30T06:06:27Z saint-lazare ok | salidas=189 anden_real=3 | cuota_restante=900
2026-08-30T06:06:29Z gare-du-nord ok | salidas=178 anden_real=4 | cuota_restante=899
2026-08-30T06:07:29Z saint-lazare ok | salidas=190 anden_real=4 | cuota_restante=898
2026-08-30T06:08:29Z saint-lazare ok | salidas=188 anden_real=4 | cuota_restante=897
2026-08-30T06:08:29Z gare-du-nord ok | salidas=179 anden_real=5 | cuota_restante=896
2026-08-30T06:09:29Z saint-lazare ok | salidas=192 anden_real=3 | cuota_restante=895
2026-08-30T06:10:29Z saint-lazare ok | salidas=191 anden_real=3 | cuota_restante=894
2026-08-30T06:10:30Z gare-du-nord ok | salidas=181 anden_real=5 | cuota_restante=893
2026-08-30T06:11:30Z saint-lazare ok | salidas=191 anden_real=4 | cuota_restante=892
2026-08-30T06:12:30Z saint-lazare ok | salidas=192 anden_real=6 | cuota_restante=891
2026-08-30T06:12:30Z gare-du-nord ok | salidas=181 anden_real=4 | cuota_restante=890
2026-08-30T06:13:31Z saint-lazare ok | salidas=189 anden_real=4 | cuota_restante=889
2026-08-30T06:14:31Z saint-lazare ok | salidas=188 anden_real=4 | cuota_restante=888
2026-08-30T06:14:32Z gare-du-nord ok | salidas=179 anden_real=4 | cuota_restante=887
2026-08-30T06:15:32Z saint-lazare ok | salidas=188 anden_real=6 | cuota_restante=886
2026-08-30T06:16:32Z saint-lazare ok | salidas=189 anden_real=6 | cuota_restante=885
2026-08-30T06:16:32Z gare-du-nord ok | salidas=180 anden_real=7 | cuota_restante=884
2026-08-30T06:17:33Z saint-lazare ok | salidas=190 anden_real=5 | cuota_restante=883
2026-08-30T06:18:33Z saint-lazare ok | salidas=190 anden_real=5 | cuota_restante=882
2026-08-30T06:18:34Z gare-du-nord ok | salidas=177 anden_real=8 | cuota_restante=881
2026-08-30T06:19:35Z saint-lazare ok | salidas=187 anden_real=4 | cuota_restante=880
2026-08-30T06:20:35Z saint-lazare ok | salidas=194 anden_real=4 | cuota_restante=879
2026-08-30T06:20:36Z gare-du-nord ok | salidas=178 anden_real=8 | cuota_restante=878
2026-08-30T06:21:37Z saint-lazare ok | salidas=194 anden_real=3 | cuota_restante=877
2026-08-30T06:22:37Z saint-lazare ok | salidas=192 anden_real=3 | cuota_restante=876
2026-08-30T06:22:37Z gare-du-nord ok | salidas=177 anden_real=8 | cuota_restante=875
2026-08-30T06:23:37Z saint-lazare ok | salidas=192 anden_real=2 | cuota_restante=874
2026-08-30T06:24:38Z saint-lazare ok | salidas=192 anden_real=2 | cuota_restante=873
2026-08-30T06:24:39Z gare-du-nord ok | salidas=175 anden_real=8 | cuota_restante=872
2026-08-30T06:25:39Z saint-lazare ok | salidas=192 anden_real=2 | cuota_restante=871
2026-08-30T06:26:39Z saint-lazare ok | salidas=193 anden_real=2 | cuota_restante=870
2026-08-30T06:26:39Z gare-du-nord ok | salidas=175 anden_real=7 | cuota_restante=869
2026-08-30T06:27:40Z saint-lazare ok | salidas=195 anden_real=3 | cuota_restante=868
2026-08-30T06:28:40Z saint-lazare ok | salidas=191 anden_real=3 | cuota_restante=867
2026-08-30T06:28:40Z gare-du-nord ok | salidas=177 anden_real=6 | cuota_restante=866
2026-08-30T06:29:41Z saint-lazare ok | salidas=190 anden_real=1 | cuota_restante=865
2026-08-30T06:30:41Z saint-lazare ok | salidas=192 anden_real=1 | cuota_restante=864
2026-08-30T06:30:41Z gare-du-nord ok | salidas=174 anden_real=6 | cuota_restante=863
2026-08-30T06:31:43Z saint-lazare ok | salidas=193 anden_real=2 | cuota_restante=862
2026-08-30T06:32:43Z saint-lazare ok | salidas=196 anden_real=3 | cuota_restante=861
2026-08-30T06:32:43Z gare-du-nord ok | salidas=176 anden_real=7 | cuota_restante=860
2026-08-30T06:33:44Z saint-lazare ok | salidas=193 anden_real=3 | cuota_restante=859
2026-08-30T06:34:44Z saint-lazare ok | salidas=197 anden_real=3 | cuota_restante=858
2026-08-30T06:34:44Z gare-du-nord ok | salidas=174 anden_real=7 | cuota_restante=857
2026-08-30T06:35:44Z saint-lazare ok | salidas=196 anden_real=2 | cuota_restante=856
2026-08-30T06:36:44Z saint-lazare ok | salidas=195 anden_real=2 | cuota_restante=855
2026-08-30T06:36:45Z gare-du-nord ok | salidas=172 anden_real=5 | cuota_restante=854
2026-08-30T06:37:46Z saint-lazare ok | salidas=196 anden_real=1 | cuota_restante=853
2026-08-30T06:38:46Z saint-lazare ok | salidas=198 anden_real=1 | cuota_restante=852
2026-08-30T06:38:46Z gare-du-nord ok | salidas=171 anden_real=4 | cuota_restante=851
2026-08-30T06:39:47Z saint-lazare ok | salidas=197 anden_real=2 | cuota_restante=850
2026-08-30T06:40:47Z saint-lazare ok | salidas=197 anden_real=2 | cuota_restante=849
2026-08-30T06:40:47Z gare-du-nord ok | salidas=176 anden_real=5 | cuota_restante=848
2026-08-30T06:41:48Z saint-lazare ok | salidas=198 anden_real=4 | cuota_restante=847
2026-08-30T06:42:48Z saint-lazare ok | salidas=197 anden_real=4 | cuota_restante=846
2026-08-30T06:42:48Z gare-du-nord ok | salidas=176 anden_real=4 | cuota_restante=845
2026-08-30T06:43:48Z saint-lazare ok | salidas=198 anden_real=6 | cuota_restante=844
2026-08-30T06:44:48Z saint-lazare ok | salidas=198 anden_real=6 | cuota_restante=843
2026-08-30T06:44:49Z gare-du-nord ok | salidas=178 anden_real=5 | cuota_restante=842
2026-08-30T06:45:50Z saint-lazare ok | salidas=197 anden_real=5 | cuota_restante=841
2026-08-30T06:46:50Z saint-lazare ok | salidas=199 anden_real=5 | cuota_restante=840
2026-08-30T06:46:51Z gare-du-nord ok | salidas=175 anden_real=6 | cuota_restante=839
2026-08-30T06:47:51Z saint-lazare ok | salidas=198 anden_real=4 | cuota_restante=838
2026-08-30T06:48:51Z saint-lazare ok | salidas=200 anden_real=3 | cuota_restante=837
2026-08-30T06:48:52Z gare-du-nord ok | salidas=180 anden_real=7 | cuota_restante=836
2026-08-30T06:49:53Z saint-lazare ok | salidas=200 anden_real=3 | cuota_restante=835
2026-08-30T06:50:53Z saint-lazare ok | salidas=203 anden_real=3 | cuota_restante=834
2026-08-30T06:50:53Z gare-du-nord ok | salidas=178 anden_real=7 | cuota_restante=833
2026-08-30T06:51:55Z saint-lazare ok | salidas=202 anden_real=2 | cuota_restante=832
2026-08-30T06:52:55Z saint-lazare ok | salidas=204 anden_real=2 | cuota_restante=831
2026-08-30T06:52:55Z gare-du-nord ok | salidas=179 anden_real=7 | cuota_restante=830
2026-08-30T06:53:55Z saint-lazare ok | salidas=203 anden_real=1 | cuota_restante=829
2026-08-30T06:54:56Z saint-lazare ok | salidas=202 anden_real=1 | cuota_restante=828
2026-08-30T06:54:56Z gare-du-nord ok | salidas=179 anden_real=7 | cuota_restante=827
2026-08-30T06:55:56Z saint-lazare ok | salidas=201 anden_real=1 | cuota_restante=826
2026-08-30T06:56:57Z saint-lazare ok | salidas=198 anden_real=2 | cuota_restante=825
2026-08-30T06:56:57Z gare-du-nord ok | salidas=181 anden_real=8 | cuota_restante=824
2026-08-30T06:57:58Z saint-lazare ok | salidas=197 anden_real=2 | cuota_restante=823
2026-08-30T06:58:58Z saint-lazare ok | salidas=198 anden_real=2 | cuota_restante=822
2026-08-30T06:58:58Z gare-du-nord ok | salidas=177 anden_real=6 | cuota_restante=821
2026-08-30T06:59:59Z saint-lazare ok | salidas=198 anden_real=5 | cuota_restante=820
2026-08-30T07:00:04Z sondeo terminado | 180 llamadas
